// Jest Snapshot v1, https://goo.gl/fbAQLP

exports[`renders correctly when there are no items 1`] = `
<svg
  aria-hidden={true}
  className="MuiSvgIcon-root MuiSvgIcon-fontSizeMedium css-i4bv87-MuiSvgIcon-root"
  data-testid="DashboardIcon"
  focusable="false"
  viewBox="0 0 24 24"
>
  <path
    d="M3 13h8V3H3v10zm0 8h8v-6H3v6zm10 0h8V11h-8v10zm0-18v6h8V3h-8z"
  />
</svg>
`;
