// Jest Snapshot v1, https://goo.gl/fbAQLP

exports[`snapshot render App with navigation 1`] = `null`;
